// Jest Snapshot v1, https://goo.gl/fbAQLP

exports[`Component :: Layout #render should match snapshot 1`] = `
<div>
  <Connect(Zoom) />
  <div
    className="child"
  />
</div>
`;
